  Determinando os projetos a serem restaurados...
  Todos os projetos est├úo atualizados para restaura├º├úo.
  SW_CMApi.Domain -> C:\Users\glebe\source\repos\glebersonsm\SW_CMApi\src\SW_CMApi.Domain\bin\Debug\net10.0\SW_CMApi.Domain.dll
C:\Users\glebe\source\repos\glebersonsm\SW_CMApi\src\SW_CMApi.Application\Services\ReservaService.cs(46,66): warning CS8604: Poss├¡vel argumento de refer├¬ncia nula para o par├ómetro 'parametroHotel' em 'Task<Reserva> ReservaService.BuscarOuCriarReserva(ReservaRequestDto dto, ParametroHotel parametroHotel)'. [C:\Users\glebe\source\repos\glebersonsm\SW_CMApi\src\SW_CMApi.Application\SW_CMApi.Application.csproj]
C:\Users\glebe\source\repos\glebersonsm\SW_CMApi\src\SW_CMApi.Application\Services\ReservaService.cs(149,13): error CS0117: "ReservaReduzida" n├úo cont├®m uma defini├º├úo para "DataCkeckinPrevisto" [C:\Users\glebe\source\repos\glebersonsm\SW_CMApi\src\SW_CMApi.Application\SW_CMApi.Application.csproj]
C:\Users\glebe\source\repos\glebersonsm\SW_CMApi\src\SW_CMApi.Application\Services\ReservaService.cs(213,13): warning CS8625: N├úo ├® poss├¡vel converter um literal nulo em um tipo de refer├¬ncia n├úo anul├ível. [C:\Users\glebe\source\repos\glebersonsm\SW_CMApi\src\SW_CMApi.Application\SW_CMApi.Application.csproj]
C:\Users\glebe\source\repos\glebersonsm\SW_CMApi\src\SW_CMApi.Application\Services\ReservaService.cs(214,13): warning CS8604: Poss├¡vel argumento de refer├¬ncia nula para o par├ómetro 'Status' em 'ReservaResponseDataDto.ReservaResponseDataDto(long? Id, long? IdReservasFront, long? NumReserva, DateTime DataReserva, DateTime Checkin, DateTime Checkout, string TipoSemana, string Status, string TipoPensao, string TipoHospede, string TipoUhNome, int? Adultos, int? Criancas1, int? Criancas2, string HotelNome, string NomeHospede, long? PeriodoCotaDisponibilidadeId, string Cota, string ProprietarioNome, string ProprietarioCpfCnpj, long? ProprietarioId, long? UhCondominioId, int? Capacidade, string TipoUtilizacao, string TipoUso, string TipoDisponibilizacao, string TipoDisponibilizacaoNome, List<HospedeResponseDto> Hospedes)'. [C:\Users\glebe\source\repos\glebersonsm\SW_CMApi\src\SW_CMApi.Application\SW_CMApi.Application.csproj]
C:\Users\glebe\source\repos\glebersonsm\SW_CMApi\src\SW_CMApi.Application\Services\ReservaService.cs(215,13): warning CS8625: N├úo ├® poss├¡vel converter um literal nulo em um tipo de refer├¬ncia n├úo anul├ível. [C:\Users\glebe\source\repos\glebersonsm\SW_CMApi\src\SW_CMApi.Application\SW_CMApi.Application.csproj]
C:\Users\glebe\source\repos\glebersonsm\SW_CMApi\src\SW_CMApi.Application\Services\ReservaService.cs(215,19): warning CS8625: N├úo ├® poss├¡vel converter um literal nulo em um tipo de refer├¬ncia n├úo anul├ível. [C:\Users\glebe\source\repos\glebersonsm\SW_CMApi\src\SW_CMApi.Application\SW_CMApi.Application.csproj]
C:\Users\glebe\source\repos\glebersonsm\SW_CMApi\src\SW_CMApi.Application\Services\ReservaService.cs(215,25): warning CS8625: N├úo ├® poss├¡vel converter um literal nulo em um tipo de refer├¬ncia n├úo anul├ível. [C:\Users\glebe\source\repos\glebersonsm\SW_CMApi\src\SW_CMApi.Application\SW_CMApi.Application.csproj]
C:\Users\glebe\source\repos\glebersonsm\SW_CMApi\src\SW_CMApi.Application\Services\ReservaService.cs(219,13): warning CS8625: N├úo ├® poss├¡vel converter um literal nulo em um tipo de refer├¬ncia n├úo anul├ível. [C:\Users\glebe\source\repos\glebersonsm\SW_CMApi\src\SW_CMApi.Application\SW_CMApi.Application.csproj]
C:\Users\glebe\source\repos\glebersonsm\SW_CMApi\src\SW_CMApi.Application\Services\ReservaService.cs(219,19): warning CS8625: N├úo ├® poss├¡vel converter um literal nulo em um tipo de refer├¬ncia n├úo anul├ível. [C:\Users\glebe\source\repos\glebersonsm\SW_CMApi\src\SW_CMApi.Application\SW_CMApi.Application.csproj]
C:\Users\glebe\source\repos\glebersonsm\SW_CMApi\src\SW_CMApi.Application\Services\ReservaService.cs(219,31): warning CS8625: N├úo ├® poss├¡vel converter um literal nulo em um tipo de refer├¬ncia n├úo anul├ível. [C:\Users\glebe\source\repos\glebersonsm\SW_CMApi\src\SW_CMApi.Application\SW_CMApi.Application.csproj]
C:\Users\glebe\source\repos\glebersonsm\SW_CMApi\src\SW_CMApi.Application\Services\ReservaService.cs(219,37): warning CS8625: N├úo ├® poss├¡vel converter um literal nulo em um tipo de refer├¬ncia n├úo anul├ível. [C:\Users\glebe\source\repos\glebersonsm\SW_CMApi\src\SW_CMApi.Application\SW_CMApi.Application.csproj]
C:\Users\glebe\source\repos\glebersonsm\SW_CMApi\src\SW_CMApi.Application\Services\ReservaService.cs(219,43): warning CS8625: N├úo ├® poss├¡vel converter um literal nulo em um tipo de refer├¬ncia n├úo anul├ível. [C:\Users\glebe\source\repos\glebersonsm\SW_CMApi\src\SW_CMApi.Application\SW_CMApi.Application.csproj]
C:\Users\glebe\source\repos\glebersonsm\SW_CMApi\src\SW_CMApi.Application\Services\ReservaService.cs(219,67): warning CS8625: N├úo ├® poss├¡vel converter um literal nulo em um tipo de refer├¬ncia n├úo anul├ível. [C:\Users\glebe\source\repos\glebersonsm\SW_CMApi\src\SW_CMApi.Application\SW_CMApi.Application.csproj]
C:\Users\glebe\source\repos\glebersonsm\SW_CMApi\src\SW_CMApi.Application\Services\ReservaService.cs(219,73): warning CS8625: N├úo ├® poss├¡vel converter um literal nulo em um tipo de refer├¬ncia n├úo anul├ível. [C:\Users\glebe\source\repos\glebersonsm\SW_CMApi\src\SW_CMApi.Application\SW_CMApi.Application.csproj]
C:\Users\glebe\source\repos\glebersonsm\SW_CMApi\src\SW_CMApi.Application\Services\ReservaService.cs(219,79): warning CS8625: N├úo ├® poss├¡vel converter um literal nulo em um tipo de refer├¬ncia n├úo anul├ível. [C:\Users\glebe\source\repos\glebersonsm\SW_CMApi\src\SW_CMApi.Application\SW_CMApi.Application.csproj]
C:\Users\glebe\source\repos\glebersonsm\SW_CMApi\src\SW_CMApi.Application\Services\ReservaService.cs(219,85): warning CS8625: N├úo ├® poss├¡vel converter um literal nulo em um tipo de refer├¬ncia n├úo anul├ível. [C:\Users\glebe\source\repos\glebersonsm\SW_CMApi\src\SW_CMApi.Application\SW_CMApi.Application.csproj]

FALHA da compila├º├úo.

C:\Users\glebe\source\repos\glebersonsm\SW_CMApi\src\SW_CMApi.Application\Services\ReservaService.cs(46,66): warning CS8604: Poss├¡vel argumento de refer├¬ncia nula para o par├ómetro 'parametroHotel' em 'Task<Reserva> ReservaService.BuscarOuCriarReserva(ReservaRequestDto dto, ParametroHotel parametroHotel)'. [C:\Users\glebe\source\repos\glebersonsm\SW_CMApi\src\SW_CMApi.Application\SW_CMApi.Application.csproj]
C:\Users\glebe\source\repos\glebersonsm\SW_CMApi\src\SW_CMApi.Application\Services\ReservaService.cs(213,13): warning CS8625: N├úo ├® poss├¡vel converter um literal nulo em um tipo de refer├¬ncia n├úo anul├ível. [C:\Users\glebe\source\repos\glebersonsm\SW_CMApi\src\SW_CMApi.Application\SW_CMApi.Application.csproj]
C:\Users\glebe\source\repos\glebersonsm\SW_CMApi\src\SW_CMApi.Application\Services\ReservaService.cs(214,13): warning CS8604: Poss├¡vel argumento de refer├¬ncia nula para o par├ómetro 'Status' em 'ReservaResponseDataDto.ReservaResponseDataDto(long? Id, long? IdReservasFront, long? NumReserva, DateTime DataReserva, DateTime Checkin, DateTime Checkout, string TipoSemana, string Status, string TipoPensao, string TipoHospede, string TipoUhNome, int? Adultos, int? Criancas1, int? Criancas2, string HotelNome, string NomeHospede, long? PeriodoCotaDisponibilidadeId, string Cota, string ProprietarioNome, string ProprietarioCpfCnpj, long? ProprietarioId, long? UhCondominioId, int? Capacidade, string TipoUtilizacao, string TipoUso, string TipoDisponibilizacao, string TipoDisponibilizacaoNome, List<HospedeResponseDto> Hospedes)'. [C:\Users\glebe\source\repos\glebersonsm\SW_CMApi\src\SW_CMApi.Application\SW_CMApi.Application.csproj]
C:\Users\glebe\source\repos\glebersonsm\SW_CMApi\src\SW_CMApi.Application\Services\ReservaService.cs(215,13): warning CS8625: N├úo ├® poss├¡vel converter um literal nulo em um tipo de refer├¬ncia n├úo anul├ível. [C:\Users\glebe\source\repos\glebersonsm\SW_CMApi\src\SW_CMApi.Application\SW_CMApi.Application.csproj]
C:\Users\glebe\source\repos\glebersonsm\SW_CMApi\src\SW_CMApi.Application\Services\ReservaService.cs(215,19): warning CS8625: N├úo ├® poss├¡vel converter um literal nulo em um tipo de refer├¬ncia n├úo anul├ível. [C:\Users\glebe\source\repos\glebersonsm\SW_CMApi\src\SW_CMApi.Application\SW_CMApi.Application.csproj]
C:\Users\glebe\source\repos\glebersonsm\SW_CMApi\src\SW_CMApi.Application\Services\ReservaService.cs(215,25): warning CS8625: N├úo ├® poss├¡vel converter um literal nulo em um tipo de refer├¬ncia n├úo anul├ível. [C:\Users\glebe\source\repos\glebersonsm\SW_CMApi\src\SW_CMApi.Application\SW_CMApi.Application.csproj]
C:\Users\glebe\source\repos\glebersonsm\SW_CMApi\src\SW_CMApi.Application\Services\ReservaService.cs(219,13): warning CS8625: N├úo ├® poss├¡vel converter um literal nulo em um tipo de refer├¬ncia n├úo anul├ível. [C:\Users\glebe\source\repos\glebersonsm\SW_CMApi\src\SW_CMApi.Application\SW_CMApi.Application.csproj]
C:\Users\glebe\source\repos\glebersonsm\SW_CMApi\src\SW_CMApi.Application\Services\ReservaService.cs(219,19): warning CS8625: N├úo ├® poss├¡vel converter um literal nulo em um tipo de refer├¬ncia n├úo anul├ível. [C:\Users\glebe\source\repos\glebersonsm\SW_CMApi\src\SW_CMApi.Application\SW_CMApi.Application.csproj]
C:\Users\glebe\source\repos\glebersonsm\SW_CMApi\src\SW_CMApi.Application\Services\ReservaService.cs(219,31): warning CS8625: N├úo ├® poss├¡vel converter um literal nulo em um tipo de refer├¬ncia n├úo anul├ível. [C:\Users\glebe\source\repos\glebersonsm\SW_CMApi\src\SW_CMApi.Application\SW_CMApi.Application.csproj]
C:\Users\glebe\source\repos\glebersonsm\SW_CMApi\src\SW_CMApi.Application\Services\ReservaService.cs(219,37): warning CS8625: N├úo ├® poss├¡vel converter um literal nulo em um tipo de refer├¬ncia n├úo anul├ível. [C:\Users\glebe\source\repos\glebersonsm\SW_CMApi\src\SW_CMApi.Application\SW_CMApi.Application.csproj]
C:\Users\glebe\source\repos\glebersonsm\SW_CMApi\src\SW_CMApi.Application\Services\ReservaService.cs(219,43): warning CS8625: N├úo ├® poss├¡vel converter um literal nulo em um tipo de refer├¬ncia n├úo anul├ível. [C:\Users\glebe\source\repos\glebersonsm\SW_CMApi\src\SW_CMApi.Application\SW_CMApi.Application.csproj]
C:\Users\glebe\source\repos\glebersonsm\SW_CMApi\src\SW_CMApi.Application\Services\ReservaService.cs(219,67): warning CS8625: N├úo ├® poss├¡vel converter um literal nulo em um tipo de refer├¬ncia n├úo anul├ível. [C:\Users\glebe\source\repos\glebersonsm\SW_CMApi\src\SW_CMApi.Application\SW_CMApi.Application.csproj]
C:\Users\glebe\source\repos\glebersonsm\SW_CMApi\src\SW_CMApi.Application\Services\ReservaService.cs(219,73): warning CS8625: N├úo ├® poss├¡vel converter um literal nulo em um tipo de refer├¬ncia n├úo anul├ível. [C:\Users\glebe\source\repos\glebersonsm\SW_CMApi\src\SW_CMApi.Application\SW_CMApi.Application.csproj]
C:\Users\glebe\source\repos\glebersonsm\SW_CMApi\src\SW_CMApi.Application\Services\ReservaService.cs(219,79): warning CS8625: N├úo ├® poss├¡vel converter um literal nulo em um tipo de refer├¬ncia n├úo anul├ível. [C:\Users\glebe\source\repos\glebersonsm\SW_CMApi\src\SW_CMApi.Application\SW_CMApi.Application.csproj]
C:\Users\glebe\source\repos\glebersonsm\SW_CMApi\src\SW_CMApi.Application\Services\ReservaService.cs(219,85): warning CS8625: N├úo ├® poss├¡vel converter um literal nulo em um tipo de refer├¬ncia n├úo anul├ível. [C:\Users\glebe\source\repos\glebersonsm\SW_CMApi\src\SW_CMApi.Application\SW_CMApi.Application.csproj]
C:\Users\glebe\source\repos\glebersonsm\SW_CMApi\src\SW_CMApi.Application\Services\ReservaService.cs(149,13): error CS0117: "ReservaReduzida" n├úo cont├®m uma defini├º├úo para "DataCkeckinPrevisto" [C:\Users\glebe\source\repos\glebersonsm\SW_CMApi\src\SW_CMApi.Application\SW_CMApi.Application.csproj]
    15 Aviso(s)
    1 Erro(s)

Tempo Decorrido 00:00:01.30
